SECA
>calib.adj.l
[1] 0.1925753
RsquareAdj
[1] 0.199301

> calib.adj.q
[1] 0.130314
RsquareAdj
[1] 0.1640705

> anova(spa.rda)
Permutation test for capscale under reduced model
Permutation: free
Number of permutations: 999
Model: capscale(formula = spp.t ~ X + Y, data = as.data.frame(spa_cent), distance = "horn")
         Df Variance      F Pr(>F)    
Model     2   5.2009 9.3922  0.001 ***
Residual 47  13.0130                  
---
Signif. codes:  0 ‘***’ 0.001 ‘**’ 0.01 ‘*’ 0.05 ‘.’ 0.1 ‘ ’ 1


>Partition of variation in RDA

Call: varpart(Y = spp.pcoa$points, X = envP_FIM, spa_cent, PCNM_FIM)
Explanatory tables:
X1:  envP_FIM
X2:  spa_cent
X3:  PCNM_FIM 
No. of explanatory tables: 3 
Total variation (SS): 85.88 
            Variance: 1.7526 
No. of observations: 50 
Partition table:
                      Df R.square Adj.R.square Testable
[a+d+f+g] = X1        13  0.47698      0.28811     TRUE
[b+d+e+g] = X2         2  0.20628      0.17251     TRUE
[c+e+f+g] = X3         1  0.12123      0.10292     TRUE
[a+b+d+e+f+g] = X1+X2 15  0.56186      0.36856     TRUE
[a+c+d+e+f+g] = X1+X3 14  0.52587      0.33622     TRUE
[b+c+d+e+f+g] = X2+X3  3  0.23080      0.18064     TRUE
[a+b+c+d+e+f+g] = All 16  0.58016      0.37660     TRUE
Individual fractions                                   
[a] = X1 | X2+X3      13               0.19596     TRUE
[b] = X2 | X1+X3       2               0.04037     TRUE
[c] = X3 | X1+X2       1               0.00804     TRUE
[d]                    0               0.03734    FALSE
[e]                    0               0.04008    FALSE
[f]                    0               0.00009    FALSE
[g]                    0               0.05472    FALSE
[h] = Residuals                        0.62340    FALSE
Controlling 1 table X                                  
[a+d] = X1 | X3       13               0.23330     TRUE
[a+f] = X1 | X2       13               0.19605     TRUE
[b+d] = X2 | X3        2               0.07771     TRUE
[b+e] = X2 | X1        2               0.08045     TRUE
[c+e] = X3 | X1        1               0.04811     TRUE
[c+f] = X3 | X2        1               0.00813     TRUE
---
Use function 'rda' to test significance of fractions of interest

> anova.cca(capscale(spp.t ~ Elev +  P + H_Al + K + N + Sol + Silt + `Elev^2` + `N^2` + `AF^2` + `K^2`+ `ARG^2` + `V^2`
+ + X + Y + PCNM_1, distance= "horn", fts.exp), model="direct")
Permutation test for capscale under direct model
Permutation: free
Number of permutations: 999

Model: capscale(formula = spp.t ~ Elev + P + H_Al + K + N + Sol + Silt + `Elev^2` + `N^2` + `AF^2` + `K^2` + `ARG^2` + `V^2` + X + Y + PCNM_1, data = fts.exp, distance = "horn")
         Df Variance      F Pr(>F)    
Model    16  12.8959 5.0016  0.001 ***
Residual 33   5.3179                  
---
Signif. codes:  0 ‘***’ 0.001 ‘**’ 0.01 ‘*’ 0.05 ‘.’ 0.1 ‘ ’ 1
> summary(capscale(spp.t ~ Elev +  P + H_Al + K + N + Sol + Silt + `Elev^2` + `N^2` + `AF^2` + `K^2`+ `ARG^2` + `V^2`
+ + X + Y + PCNM_1, distance= "horn", fts.exp))

Call:
capscale(formula = spp.t ~ Elev + P + H_Al + K + N + Sol + Silt +      `Elev^2` + `N^2` + `AF^2` + `K^2` + `ARG^2` + `V^2` + X +      Y + PCNM_1, data = fts.exp, distance = "horn") 

Partitioning of squared Horn distance:
              Inertia Proportion
Total          18.214      1.000
Constrained    12.896      0.708
Unconstrained   5.318      0.292

Eigenvalues, and their contribution to the squared Horn distance 

Importance of components:
                        CAP1   CAP2    CAP3    CAP4    CAP5    CAP6    CAP7    CAP8    CAP9   CAP10    CAP11     CAP12
Eigenvalue            4.2500 3.1388 1.62965 1.60877 1.38165 0.59030 0.14337 0.08807 0.04491 0.01724 0.003054 0.0001299
Proportion Explained  0.2333 0.1723 0.08947 0.08833 0.07586 0.03241 0.00787 0.00484 0.00247 0.00095 0.000170 0.0000100
Cumulative Proportion 0.2333 0.4057 0.49514 0.58347 0.65933 0.69173 0.69961 0.70444 0.70691 0.70785 0.708020 0.7080300
                        MDS1    MDS2    MDS3    MDS4    MDS5    MDS6    MDS7    MDS8    MDS9   MDS10   MDS11    MDS12
Eigenvalue            2.1824 1.14054 0.58929 0.40753 0.29435 0.23301 0.17678 0.15579 0.06826 0.05298 0.01351 0.003448
Proportion Explained  0.1198 0.06262 0.03235 0.02237 0.01616 0.01279 0.00971 0.00855 0.00375 0.00291 0.00074 0.000190
Cumulative Proportion 0.8278 0.89047 0.92282 0.94520 0.96136 0.97415 0.98386 0.99241 0.99616 0.99907 0.99981 1.000000

Accumulated constrained eigenvalues
Importance of components:
                        CAP1   CAP2   CAP3   CAP4   CAP5    CAP6    CAP7    CAP8    CAP9   CAP10    CAP11     CAP12
Eigenvalue            4.2500 3.1388 1.6296 1.6088 1.3816 0.59030 0.14337 0.08807 0.04491 0.01724 0.003054 0.0001299
Proportion Explained  0.3296 0.2434 0.1264 0.1247 0.1071 0.04577 0.01112 0.00683 0.00348 0.00134 0.000240 0.0000100
Cumulative Proportion 0.3296 0.5729 0.6993 0.8241 0.9312 0.97699 0.98810 0.99493 0.99842 0.99975 0.999990 1.0000000

Scaling 2 for species and site scores
* Species are scaled proportional to eigenvalues
* Sites are unscaled: weighted dispersion equal on all dimensions
* General scaling constant of scores:  5.235986 


Species scores

         CAP1      CAP2     CAP3      CAP4      CAP5      CAP6
acul  0.11432 -0.002611  0.06549 -0.072145  0.004233 -0.004773
cary  0.11022  0.101128  0.09731 -0.008193  0.078151  0.785149
edul -1.87829 -1.803504  0.11698 -0.253040  0.020548 -0.013265
eleg  0.01205  0.155856  0.19866  0.147352 -0.119829  0.328216
fisc  0.17730 -0.012386  0.14686  1.040218 -0.765693 -0.311460
kuhl  0.15312  0.050644  0.01428  0.157241 -0.130530 -0.004760
pohl -0.41568  1.178971  0.89860 -0.623462 -0.022124 -0.324469
scho  1.86506 -0.512816 -0.03702 -0.749489 -0.089827 -0.203918
trin  0.05444 -0.022681  0.01168 -0.001539 -0.009347  0.020897
vulg  0.13414 -0.082331  0.01729  0.022032 -0.028454  0.048003
wedd  0.19886  0.151751 -0.11541  0.748655  1.328585 -0.288185
witt -0.52553  0.797979 -1.41471 -0.407629 -0.265714 -0.031435


Site scores (weighted sums of species scores)

          CAP1      CAP2      CAP3      CAP4      CAP5     CAP6
RO1   -0.98851  0.282841  1.163903 -0.721687  0.084279 -0.76027
RO2   -0.18039  1.868967  1.490018 -0.521155 -0.033456 -0.15513
RO3   -0.24346  1.893935  1.419932 -0.615029  0.101588 -0.89740
RO4   -0.98851  0.282841  1.163903 -0.721687  0.084279 -0.76027
CP1    0.30849  0.743387 -0.418148  1.757095  2.669478 -0.46730
CP2    0.30849  0.743387 -0.418148  1.757095  2.669478 -0.46730
CP3    0.72646  0.546208 -0.417196  1.275412  2.453417 -0.67650
CP4    0.24372  0.849210  0.338717  0.771174  0.067082  4.91526
CP5   -0.82677  0.625808  1.300097 -0.726284  0.143775  0.74074
CP6   -0.19989  1.867792  1.518835 -0.316804 -0.149070  0.36401
RE1    1.36461  0.291130  0.256771 -1.056844 -0.087131 -0.62189
RE2   -0.41298 -0.833948  0.253930 -0.349896 -0.039969  0.53467
RE3    0.09045 -0.982733  0.054295 -0.771154  0.024563 -0.25397
RE4    0.36502 -0.739847  0.093559 -0.777940  0.003073 -0.17968
RE5   -0.92946 -0.817394  0.081685 -0.034963  0.179148  0.17207
RE6    1.50104 -0.025043 -0.249155 -0.447769 -0.301720 -0.26878
RE7    1.49512 -0.019367 -0.143434 -0.711977 -0.028825  1.04318
RE8   -0.14874 -0.062429 -0.086376  0.439892  0.080145  0.73069
RE9    1.46574  0.024471 -0.103854 -0.656666 -0.037727  1.36269
RE10   0.93575 -0.623616 -0.112447 -0.782027 -0.045636 -0.13116
RE11   1.33808  0.379065  0.390896 -1.119801 -0.100844 -0.71835
RE12   1.50693 -0.005246 -0.009725  0.010874 -0.776513 -0.03477
RE13   0.26819  0.599552  0.217321  2.556019 -1.768646 -0.17710
RE14   0.37647 -0.114468  0.486932  1.177470 -1.381622  0.63014
RE15   0.26326  0.541102  0.080955  2.518018 -1.706827 -0.72272
RE16   0.33861  0.587500  0.038552  2.338906 -1.592993 -0.48754
RE17   1.51079 -0.044869 -0.328312 -0.366061  0.640349 -0.50193
RE18   1.50601  0.024311 -0.364455 -0.005575  1.301922 -0.73021
RE19   0.98514 -0.560725 -0.003249 -0.045178 -0.740468 -0.61505
RE20   1.09755 -0.471483 -0.187108 -0.795360 -0.015636 -0.25491
CPp1  -0.79484 -0.765229  0.241760  1.002131 -0.864432 -0.53655
CPp2  -0.51037 -0.908759  0.083252 -0.388623  0.094226 -0.06113
PRI1  -0.92946 -0.817394  0.081685 -0.034963  0.179148  0.17207
PRI2  -0.92946 -0.817394  0.081685 -0.034963  0.179148  0.17207
PRI3  -0.87344 -0.803864  0.169555  0.460407 -0.347661 -0.20588
PRI4  -0.51034 -0.908764  0.083252 -0.388644  0.094221 -0.06114
PRI5   0.31645 -0.958034  0.019801 -0.844908  0.018623 -0.28132
PRI6  -0.51034 -0.908763  0.083252 -0.388641  0.094222 -0.06114
CAMP1 -0.92946 -0.817394  0.081685 -0.034963  0.179148  0.17207
MZ1   -0.92946 -0.817394  0.081685 -0.034963  0.179148  0.17207
RF1   -0.07119 -0.975419  0.068622 -0.688699  0.035709 -0.21853
RF2   -0.92946 -0.817394  0.081685 -0.034963  0.179148  0.17207
RF3   -0.92946 -0.817394  0.081685 -0.034963  0.179148  0.17207
RF4   -0.92946 -0.817394  0.081685 -0.034963  0.179148  0.17207
RF5   -0.87344 -0.803863  0.169559  0.460431 -0.347686 -0.20590
RF6   -1.12717  0.151135 -0.846831 -0.719172 -0.238705 -0.32262
RF7   -0.41234  1.990306 -1.245832 -0.670735 -0.358695 -0.42285
RF8   -0.24287  1.326607 -2.622746 -0.040978 -0.397097  0.35958
RF9   -0.71826  1.109466 -1.661389 -0.564947 -0.335154 -0.15777
RF10  -0.24287  1.326607 -2.622746 -0.040978 -0.397097  0.35958


Site constraints (linear combinations of constraining variables)

          CAP1     CAP2     CAP3     CAP4     CAP5     CAP6
RO1   -0.91193  0.26950  1.19227 -0.92590  0.39823 -0.76814
RO2   -0.46871  1.76450  1.33838  0.25707  0.05806 -0.66634
RO3   -0.10828  1.57263  1.35151 -0.87078 -0.16719 -0.55669
RO4   -0.41236  1.49261  0.96524 -0.10441  0.41886 -0.75244
CP1    0.12983  0.16969 -0.33109  0.71395  2.72365 -0.45975
CP2   -0.15853  0.26470 -0.09290  1.16586  2.24195 -0.29240
CP3    0.20514  0.27794 -0.01033  1.58954  1.74772 -0.34404
CP4    0.23246  0.57162  0.25371  0.53262  0.58217  4.40238
CP5   -0.23344  1.28653  1.25335 -0.93497  0.10691  0.80805
CP6   -0.71173  1.11129  1.59690 -0.48857 -0.20578  0.43101
RE1    1.23297  0.39925  0.15907 -0.87845  0.18754 -0.50199
RE2    0.30540 -0.26632 -0.31092  0.19427 -0.13680  0.42624
RE3    0.53289 -0.25462 -0.27194 -0.36201  0.30120  0.29329
RE4    0.20983 -0.41871 -0.03035 -0.20111  0.35837  0.03127
RE5    0.13151 -0.31381 -0.08993 -0.32926 -0.07476  0.04686
RE6    0.85868 -0.17682 -0.05560 -0.51383 -0.08022  0.40351
RE7    1.14781 -0.49339  0.29692 -0.98199  0.01354  0.42112
RE8    0.39092 -0.36153  0.19237  0.38404 -0.09223  0.34736
RE9    1.02749 -0.26885  0.13120 -0.42348 -0.17925  0.15825
RE10   0.54999 -0.48229 -0.01112 -0.61041 -0.46054 -0.03247
RE11   0.85217 -0.23741  0.10882 -0.29850 -0.48613 -0.09104
RE12   0.62767 -0.47482  0.23638 -0.46664 -0.88020 -0.07782
RE13   0.12251  0.23433  0.10086  1.73296 -1.41177 -0.64823
RE14   0.34274 -0.14582  0.21936  0.98539 -0.93120 -0.37986
RE15   0.34353  0.11999  0.28453  1.89635 -1.29374 -0.42207
RE16   0.75733  0.58708  0.16894  1.68592 -1.21024 -0.30740
RE17   1.82218  0.01037 -0.42903 -0.25688  0.70265 -0.59853
RE18   1.25278  0.10569 -0.08665  0.10922 -0.32343 -0.07048
RE19   1.27116 -0.26349 -0.27704 -0.23902  0.09514 -0.18902
RE20   1.13159 -0.15585  0.03137 -0.30642 -0.50033 -0.02982
CPp1  -0.97193 -0.98159  0.63476 -0.37022 -0.58619 -0.11213
CPp2  -0.99429 -0.74707  0.35718  0.72532 -0.24261  0.39604
PRI1  -1.11363 -0.64585  0.02515  0.32736 -0.25073  0.68935
PRI2  -0.39994 -0.74035 -0.12489  0.01254  0.12009  0.02677
PRI3  -0.20146 -0.90672  0.07139  0.11695  0.45951 -0.13424
PRI4  -0.48468 -0.58304 -0.04427 -0.28653  0.12275 -0.50452
PRI5   0.04666 -0.82494 -0.29258  0.01213  0.77804 -0.47218
PRI6  -0.51744 -0.94555  0.28708  0.03045  0.24004 -0.71213
CAMP1  0.06950 -0.32688 -0.29603 -0.49382  0.26193 -0.18345
MZ1   -1.07322 -1.22029  0.46928  0.09268 -0.14847  0.17409
RF1   -0.43458 -0.37437 -0.13090 -0.60632 -0.09789  0.17718
RF2   -0.57932 -0.49213 -0.53029 -0.27083  0.43944 -0.02890
RF3   -1.19646 -0.94123  0.21605  0.09270 -0.07514 -0.38800
RF4   -0.54397 -0.40299  0.12729  0.17101 -0.46793  0.42659
RF5   -0.76521 -0.09723 -0.38800  0.91868 -0.42679  0.54498
RF6   -0.84225  0.03872 -1.03734 -0.62216 -0.03734 -0.33175
RF7   -0.61809  0.73143 -1.29224 -1.02169 -0.53334 -0.10970
RF8   -0.72236  0.53953 -1.72168 -1.33703 -0.22268  0.13569
RF9   -0.79211  1.02013 -1.82965 -0.09000 -0.41772 -0.28726
RF10  -0.33883  1.97644 -2.38459  0.54421 -0.41711  0.11277


Biplot scores for constraining variables

             CAP1     CAP2      CAP3      CAP4     CAP5     CAP6
Elev     -0.41318 -0.31900 -0.622208 -0.017733 -0.38771 -0.08648
P        -0.09758  0.23678 -0.387324  0.533704 -0.34048 -0.06876
H_Al     -0.40850  0.18180  0.132425 -0.148626 -0.04465  0.50769
K         0.01203  0.33278  0.086818 -0.133400 -0.18912  0.29222
N         0.06359 -0.21769  0.235919  0.199800 -0.21500  0.15510
Sol      -0.14303 -0.02551  0.528386 -0.001666  0.52553  0.03903
Silt      0.04085  0.28284  0.468047 -0.224326 -0.18667 -0.08880
`Elev^2` -0.55495  0.63569 -0.225211 -0.179055  0.33540  0.05492
`N^2`    -0.48715 -0.16941 -0.006108 -0.065724  0.03420 -0.05859
`AF^2`    0.24321  0.18184  0.030162  0.185596  0.34626 -0.34073
`K^2`    -0.17759  0.18323  0.415355 -0.047622  0.39154  0.22595
`ARG^2`  -0.30228  0.15295  0.446209 -0.001692 -0.20105 -0.06560
`V^2`     0.15314  0.02661 -0.186329  0.083843  0.07193  0.70705
X         0.83356  0.03067  0.232146  0.058868 -0.20693 -0.07551
Y         0.73164 -0.37308 -0.156242  0.097247 -0.46613 -0.09479
PCNM_1    0.82136 -0.15386  0.024907  0.060550 -0.35271 -0.06959


> anova.cca(capscale(spp.t ~ Elev +  P + H_Al + K + N + Sol + Silt + `Elev^2` + `N^2` + `AF^2` + `K^2`+ `ARG^2` + `V^2`
+ + X + Y + PCNM_1, distance= "horn", fts.exp), model="direct" , by="terms")
Permutation test for capscale under direct model
Terms added sequentially (first to last)
Permutation: free
Number of permutations: 999

Model: capscale(formula = spp.t ~ Elev + P + H_Al + K + N + Sol + Silt + `Elev^2` + `N^2` + `AF^2` + `K^2` + `ARG^2` + `V^2` + X + Y + PCNM_1, data = fts.exp, distance = "horn")
         Df Variance       F Pr(>F)    
Elev      1   1.8941 11.7536  0.001 ***
P         1   1.1078  6.8743  0.001 ***
H_Al      1   1.0538  6.5391  0.001 ***
K         1   0.9849  6.1115  0.001 ***
N         1   0.8863  5.4997  0.001 ***
Sol       1   0.6314  3.9179  0.006 ** 
Silt      1   0.6064  3.7633  0.002 ** 
`Elev^2`  1   1.4734  9.1431  0.001 ***
`N^2`     1   0.3561  2.2095  0.049 *  
`AF^2`    1   0.5297  3.2872  0.006 ** 
`K^2`     1   0.2949  1.8302  0.082 .  
`ARG^2`   1   0.4379  2.7172  0.018 *  
`V^2`     1   0.3969  2.4628  0.035 *  
X         1   1.2600  7.8188  0.001 ***
Y         1   0.6795  4.2168  0.002 ** 
PCNM_1    1   0.3030  1.8800  0.101    
Residual 33   5.3179                   
---
Signif. codes:  0 ‘***’ 0.001 ‘**’ 0.01 ‘*’ 0.05 ‘.’ 0.1 ‘ ’ 1

> anova.cca(capscale(spp.t ~ Elev +  P + H_Al + K + N + Sol + Silt + `Elev^2` + `N^2` + `AF^2` + `K^2`+ `ARG^2` + `V^2`
+ + X + Y + PCNM_1, distance= "horn", fts.exp), model="direct" , by="axis")
Permutation test for capscale under direct model
Marginal tests for axes
Permutation: free
Number of permutations: 999

Model: capscale(formula = spp.t ~ Elev + P + H_Al + K + N + Sol + Silt + `Elev^2` + `N^2` + `AF^2` + `K^2` + `ARG^2` + `V^2` + X + Y + PCNM_1, data = fts.exp, distance = "horn")
         Df Variance       F Pr(>F)    
CAP1      1   4.2500 29.5701  0.001 ***
CAP2      1   3.1388 21.8382  0.001 ***
CAP3      1   1.6296 11.3385  0.001 ***
CAP4      1   1.6088 11.1932  0.001 ***
CAP5      1   1.3816  9.6130  0.001 ***
CAP6      1   0.5903  4.1071  0.001 ***
CAP7      1   0.1434  0.9975  0.440    
CAP8      1   0.0881  0.6128  0.711    
CAP9      1   0.0449  0.3125  0.933    
CAP10     1   0.0172  0.1199  0.997    
CAP11     1   0.0031  0.0212  1.000    
CAP12     1   0.0001  0.0009  1.000    
Residual 37   5.3179                   
---
Signif. codes:  0 ‘***’ 0.001 ‘**’ 0.01 ‘*’ 0.05 ‘.’ 0.1 ‘ ’ 1
> 

# Modelo referente a contribuiçao pura do ambiente
> #STEP 1a
> pure_E<-capscale(spp.t ~ Elev +  P + H_Al + K + N + Sol + Silt + `Elev^2` + `N^2` + `AF^2` + `K^2`+ + `ARG^2` + `V^2`
+ + Condition (X + Y + PCNM_1), distance= "horn", fts.exp)
> # teste do modelo que define a contribuiçao pura do ambiente
> anova.cca(pure_E, step= 10000, perm= 10000, model="reduced")
Permutation test for capscale under reduced model
Permutation: free
Number of permutations: 999

Model: capscale(formula = spp.t ~ Elev + P + H_Al + K + N + Sol + Silt + `Elev^2` + `N^2` + `AF^2` + `K^2` + +`ARG^2` + `V^2` + Condition(X + Y + PCNM_1), data = fts.exp, distance = "horn")
         Df Variance      F Pr(>F)    
Model    13   7.2111 3.4421  0.001 ***
Residual 33   5.3179                  
---
Signif. codes:  0 ‘***’ 0.001 ‘**’ 0.01 ‘*’ 0.05 ‘.’ 0.1 ‘ ’ 1
> # linhas de codigo para definir o R2 ajustado do modelo referente a contribuiçao pura do ambiente
> RsquareAdj(rda(spp.pcoa$points ~ Elev +  P + H_Al + K + N + Sol + Silt + `Elev^2` + `N^2` + `AF^2` + `K^2`
+ + Condition (X + Y + PCNM_1), fts.exp))
$r.squared
[1] 0.3199826

$adj.r.squared
[1] 0.1904618

> # Modelo referente a contribuiçao pura do espaço linear
> #STEP 1b
> # Modelo referente a contribuiçao pura do ambiente
> #STEP 1a
> pure_E<-capscale(spp.t ~ Elev +  P + H_Al + K + N + Sol + Silt + `Elev^2` + `N^2` + `AF^2` + `K^2`+ + `ARG^2` + `V^2`
+ + Condition (X + Y + PCNM_1), distance= "horn", fts.exp)
> # teste do modelo que define a contribuiçao pura do ambiente
> anova.cca(pure_E, step= 10000, perm= 10000, model="reduced")
Permutation test for capscale under reduced model
Permutation: free
Number of permutations: 999

Model: capscale(formula = spp.t ~ Elev + P + H_Al + K + N + Sol + Silt + `Elev^2` + `N^2` + `AF^2` + `K^2` + +`ARG^2` + `V^2` + Condition(X + Y + PCNM_1), data = fts.exp, distance = "horn")
         Df Variance      F Pr(>F)    
Model    13   7.2111 3.4421  0.001 ***
Residual 33   5.3179                  
---
Signif. codes:  0 ‘***’ 0.001 ‘**’ 0.01 ‘*’ 0.05 ‘.’ 0.1 ‘ ’ 1
> # linhas de codigo para definir o R2 ajustado do modelo referente a contribuiçao pura do ambiente
> RsquareAdj(rda(spp.pcoa$points ~ Elev +  P + H_Al + K + N + Sol + Silt + `Elev^2` + `N^2` + `AF^2` + `K^2` + `ARG^2` + `V^2`
+ + Condition (X + Y + PCNM_1), fts.exp))
$r.squared
[1] 0.3493544

$adj.r.squared
[1] 0.1959593

> # Modelo referente a contribuiçao pura do espaço linear
> #STEP 1b
> pure_S.l<-capscale(spp.t ~ X + Y + Condition (Elev +  P + H_Al + K + N + Sol + Silt + `Elev^2` + `N^2` + `AF^2` + `K^2`  + `ARG^2` + `V^2`
+ + PCNM_1), distance= "horn", fts.exp)
> # teste do modelo que define a contribuiçao pura do espaço linear
> anova.cca(pure_S.l, step= 10000, perm= 10000, model= "reduced")
Permutation test for capscale under reduced model
Permutation: free
Number of permutations: 999

Model: capscale(formula = spp.t ~ X + Y + Condition(Elev + P + H_Al + K + N + Sol + Silt + `Elev^2` + `N^2` + `AF^2` + `K^2` + `ARG^2` + `V^2` + PCNM_1), data = fts.exp, distance = "horn")
         Df Variance      F Pr(>F)   
Model     2   1.0945 3.3961  0.003 **
Residual 33   5.3179                 
---
Signif. codes:  0 ‘***’ 0.001 ‘**’ 0.01 ‘*’ 0.05 ‘.’ 0.1 ‘ ’ 1
> # linhas de codigo para definir o R2 ajustado do modelo referente a contribuiçao pura do espaço linear
> RsquareAdj(rda(spp.pcoa$points ~ X + Y + Condition (Elev +  P + H_Al + K + N + Sol + Silt + `Elev^2` + `N^2` + `AF^2` + `K^2`  +`ARG^2` + `V^2`
+ + PCNM_1), fts.exp))
$r.squared
[1] 0.05428397

$adj.r.squared
[1] 0.04037453

> # Modelo referente a contribuiçao pura do espaço refinado
> #STEP 1c
> pure_S.p<-capscale(spp.t ~  PCNM_1 + Condition (Elev +  P + H_Al + K + N + Sol + Silt + `Elev^2` + `N^2` + `AF^2` + `K^2`  + `ARG^2` + `V^2`
+ + X + Y), distance= "horn", fts.exp)
> # teste do modelo que define a contribuiçao pura do espaço refinado
> anova.cca(pure_S.p, step= 100000, perm= 100000, model="reduced")
Permutation test for capscale under reduced model
Permutation: free
Number of permutations: 999

Model: capscale(formula = spp.t ~ PCNM_1 + Condition(Elev + P + H_Al + K + N + Sol + Silt + `Elev^2` + `N^2` + `AF^2` + `K^2` + `ARG^2` + `V^2` + X + Y), data = fts.exp, distance = "horn")
         Df Variance    F Pr(>F)
Model     1   0.3030 1.88  0.103
Residual 33   5.3179            
> RsquareAdj(rda(spp.pcoa$points ~  PCNM_1 + Condition (Silt +  `Alt^2` + AG + `SB^2` + SOL + V + `Arg^2` + `K^2`  + `ARG^2` + `V^2`
+ + X + Y), fts.exp))
Error in eval(expr, envir, enclos) : object 'Alt^2' not found
> RsquareAdj(rda(spp.pcoa$points ~  PCNM_1 + Condition (Elev +  P + H_Al + K + N + Sol + Silt + `Elev^2` + `N^2` + `AF^2` + `K^2`  + `ARG^2` + `V^2`
+ + X + Y), fts.exp))
$r.squared
[1] 0.01829988

$adj.r.squared
[1] 0.008037979

> # Modelo referente a contribuiçao do ambiente junto do espaço linear
> #STEP 2a
> S.l_j_E<-capscale(spp.t ~ Elev +  P + H_Al + K + N + Sol + Silt + `Elev^2` + `N^2` + `AF^2` + `K^2`  + `ARG^2` + `V^2`
+ + X + Y + Condition (PCNM_1), distance= "horn", fts.exp)
> # teste do modelo que define a contribuiçao do ambiente junto do espaço linear
> anova.cca(S.l_j_E, step=1000, perm= 1000, model="reduced")
Permutation test for capscale under reduced model
Permutation: free
Number of permutations: 999

Model: capscale(formula = spp.t ~ Elev + P + H_Al + K + N + Sol + Silt + `Elev^2` + `N^2` + `AF^2` + `K^2` + `ARG^2` + `V^2` + X + Y + Condition(PCNM_1), data = fts.exp, distance = "horn")
         Df Variance     F Pr(>F)    
Model    15   9.7633 4.039  0.001 ***
Residual 33   5.3179                 
---
Signif. codes:  0 ‘***’ 0.001 ‘**’ 0.01 ‘*’ 0.05 ‘.’ 0.1 ‘ ’ 1
> RsquareAdj(rda(spp.pcoa$points ~ Elev +  P + H_Al + K + N + Sol + Silt + `Elev^2` + `N^2` + `AF^2` + `K^2`  + + `ARG^2` + `V^2`
+ + X + Y + Condition (PCNM_1), fts.exp))
$r.squared
[1] 0.4589267

$adj.r.squared
[1] 0.2736743

> # Modelo referente a contribuiçao do espaço linear junto ao espaço refinado
> #STEP 2b
> S.l_j_S.p<-capscale(spp.t ~   X + Y + PCNM_1 + Condition (Elev +  P + H_Al + K + N + Sol + Silt +
+ `Elev^2` + `N^2` + `AF^2` + `K^2` + `ARG^2` + `V^2`), distance= "horn", fts.exp)
> # teste do modelo que define a contribuiçao do espaço linear junto ao espaço refinado
> anova.cca(S.l_j_S.p, step= 1000, perm= 1000, model= "reduced")
Permutation test for capscale under reduced model
Permutation: free
Number of permutations: 999

Model: capscale(formula = spp.t ~ X + Y + PCNM_1 + Condition(Elev + P + H_Al + K + N + Sol + Silt + `Elev^2` + `N^2` + `AF^2` + `K^2` + `ARG^2` + `V^2`), data = fts.exp, distance = "horn")
         Df Variance      F Pr(>F)    
Model     3   2.2425 4.6385  0.001 ***
Residual 33   5.3179                  
---
Signif. codes:  0 ‘***’ 0.001 ‘**’ 0.01 ‘*’ 0.05 ‘.’ 0.1 ‘ ’ 1
> # linhas de codigo para definir o R2 ajustado do modelo referente a contribuiçao do espaço linear junto ao espaço refinado
> RsquareAdj(rda(spp.pcoa$points ~   X + Y + PCNM_1 + Condition (Elev +  P + H_Al + K + N + Sol + Silt +
+ `Elev^2` + `N^2` + `AF^2` + `K^2`+ `ARG^2` + `V^2`), fts.exp))
$r.squared
[1] 0.1031788

$adj.r.squared
[1] 0.08848753

> # Modelo referente a contribuiçao do ambiente junto ao espaço refinado
> #STEP 2c
> E_j_S.p<-capscale(spp.t ~ Elev +  P + H_Al + K + N + Sol + Silt + `Elev^2` + `N^2` + `AF^2` + `K^2` + `ARG^2` + `V^2`+
+ PCNM_1 + Condition (X + Y), distance= "horn", fts.exp)
> # teste do modelo que define a contribuiçao do ambiente junto ao espaço refinado
> anova.cca(E_j_S.p, step= 1000, perm= 1000, model="reduced")
Permutation test for capscale under reduced model
Permutation: free
Number of permutations: 999

Model: capscale(formula = spp.t ~ Elev + P + H_Al + K + N + Sol + Silt + `Elev^2` + `N^2` + `AF^2` + `K^2` + `ARG^2` + `V^2` + PCNM_1 + Condition(X + Y), data = fts.exp, distance = "horn")
         Df Variance      F Pr(>F)    
Model    14   7.6950 3.4108  0.001 ***
Residual 33   5.3179                  
---
Signif. codes:  0 ‘***’ 0.001 ‘**’ 0.01 ‘*’ 0.05 ‘.’ 0.1 ‘ ’ 1
> # linhas de codigo para definir o R2 ajustado do modelo referente a contribuiçao do ambiente junto ao espaço refinado
> # linhas de codigo para definir o R2 ajustado do modelo referente a contribuiçao do ambiente junto ao espaço refinado
> RsquareAdj(rda(spp.pcoa$points ~ Elev +  P + H_Al + K + N + Sol + Silt + `Elev^2` + `N^2` + `AF^2` + `K^2`+  `ARG^2` + `V^2`+
+ PCNM_1 + Condition (X + Y), fts.exp))
$r.squared
[1] 0.3738757

$adj.r.squared
[1] 0.2040908
